[2025-05-09 11:25:26] [info] Start Program:
Path:"C:\Users\Denis\Desktop\OOP\lab8_9\x64\Debug\lab8_9.exe"
Arguments:
Working directory: "C:\Users\Denis\Desktop\OOP\lab8_9\"
Modules: Selected: C:\Users\Denis\Desktop\OOP\lab8_9\x64\Debug\lab8_9.exe Excluded: 
Sources: Selected: C:\Users\Denis\Desktop\OOP\lab8_9 Excluded: 
Log Level: Normal
Cover Children: 0
Aggregate by file: 1
Continue after C++ exception: 0
Optimized build support: 0
Export: Binary C:\Users\Denis\AppData\Local\Temp\kdmoi2wz.dhy 
Input coverage: 
Unified diff: 
Excluded line regular expressions: 
Substitute pdb source paths: 

[2025-05-09 11:25:26] [info] Module: C:\Users\Denis\Desktop\OOP\lab8_9\x64\Debug\lab8_9.exe is selected because it matches selected pattern: C:\Users\Denis\Desktop\OOP\lab8_9\x64\Debug\lab8_9.exe
[2025-05-09 11:25:26] [info] ----------------------------------------------------
[2025-05-09 11:25:26] [info] Coverage binary generated in file: C:\Users\Denis\AppData\Local\Temp\kdmoi2wz.dhy
[2025-05-09 11:25:26] [info] ----------------------------------------------------
