[2025-05-08 15:42:03] [info] Start Program:
Path:"C:\Users\Denis\Desktop\OOP\lab6_oop\x64\Debug\lab6_oop.exe"
Arguments:
Working directory: "C:\Users\Denis\Desktop\OOP\lab6_oop\"
Modules: Selected: C:\Users\Denis\Desktop\OOP\lab6_oop\x64\Debug\lab6_oop.exe Excluded: 
Sources: Selected: C:\Users\Denis\Desktop\OOP\lab6_oop Excluded: 
Log Level: Normal
Cover Children: 0
Aggregate by file: 1
Continue after C++ exception: 0
Optimized build support: 0
Export: Binary C:\Users\Denis\AppData\Local\Temp\wom0gi0p.qci 
Input coverage: 
Unified diff: 
Excluded line regular expressions: 
Substitute pdb source paths: 

[2025-05-08 15:42:03] [info] Module: C:\Users\Denis\Desktop\OOP\lab6_oop\x64\Debug\lab6_oop.exe is selected because it matches selected pattern: C:\Users\Denis\Desktop\OOP\lab6_oop\x64\Debug\lab6_oop.exe
[2025-05-08 15:42:03] [info] ----------------------------------------------------
[2025-05-08 15:42:03] [info] Coverage binary generated in file: C:\Users\Denis\AppData\Local\Temp\wom0gi0p.qci
[2025-05-08 15:42:03] [info] ----------------------------------------------------
